[Licensing::Module] Trying to connect to existing licensing client channel...
Built from '6000.2/respin/6000.2.6f2-cc51a95c03' branch; Version is '6000.2.6f2 (4a4dcaec6541) revision 4869578'; Using compiler version '194234433'; Build Type 'Release'
[Licensing::IpcConnector] Successfully connected to: "LicenseClient-nwond" at "2026-07-19T06:27:33.605187Z"
OS: 'Windows 11  (10.0.26200) 64bit Core' Language: 'ko' Physical Memory: 16317 MB
BatchMode: 1, IsHumanControllingUs: 0, StartBugReporterOnCrash: 0, Is64bit: 1
Date: 2026-07-19T06:27:33Z

COMMAND LINE ARGUMENTS:
C:\Program Files\Unity\Hub\Editor\6000.2.6f2\Editor\Unity.exe
-adb2
-batchMode
-noUpm
-name
AssetImportWorker2
-projectPath
C:/Users/nwond/OneDrive/바탕 화면/Anomalous/Game
-logFile
Logs/AssetImportWorker2.log
-srvPort
59759
-licensingIpc
LicenseClient-nwond
-job-worker-count
5
-background-job-worker-count
8
-gc-helper-count
1
-name
AssetImport
Successfully changed project path to: C:/Users/nwond/OneDrive/바탕 화면/Anomalous/Game
C:/Users/nwond/OneDrive/바탕 화면/Anomalous/Game
[UnityMemory] Configuration Parameters - Can be set up in boot.config
    "memorysetup-allocator-temp-initial-block-size-main=262144"
    "memorysetup-allocator-temp-initial-block-size-worker=262144"
    "memorysetup-bucket-allocator-granularity=16"
    "memorysetup-bucket-allocator-bucket-count=8"
    "memorysetup-bucket-allocator-block-size=33554432"
    "memorysetup-bucket-allocator-block-count=8"
    "memorysetup-main-allocator-block-size=16777216"
    "memorysetup-thread-allocator-block-size=16777216"
    "memorysetup-gfx-main-allocator-block-size=16777216"
    "memorysetup-gfx-thread-allocator-block-size=16777216"
    "memorysetup-cache-allocator-block-size=4194304"
    "memorysetup-typetree-allocator-block-size=2097152"
    "memorysetup-profiler-bucket-allocator-granularity=16"
    "memorysetup-profiler-bucket-allocator-bucket-count=8"
    "memorysetup-profiler-bucket-allocator-block-size=33554432"
    "memorysetup-profiler-bucket-allocator-block-count=8"
    "memorysetup-profiler-allocator-block-size=16777216"
    "memorysetup-profiler-editor-allocator-block-size=1048576"
    "memorysetup-temp-allocator-size-main=16777216"
    "memorysetup-job-temp-allocator-block-size=2097152"
    "memorysetup-job-temp-allocator-block-size-background=1048576"
    "memorysetup-job-temp-allocator-reduction-small-platforms=262144"
    "memorysetup-temp-allocator-size-background-worker=32768"
    "memorysetup-temp-allocator-size-job-worker=262144"
    "memorysetup-temp-allocator-size-preload-manager=33554432"
    "memorysetup-temp-allocator-size-nav-mesh-worker=65536"
    "memorysetup-temp-allocator-size-audio-worker=65536"
    "memorysetup-temp-allocator-size-cloud-worker=32768"
    "memorysetup-temp-allocator-size-gi-baking-worker=262144"
    "memorysetup-temp-allocator-size-gi-baking-worker=262144"
    "memorysetup-temp-allocator-size-gi-baking-worker=262144"
    "memorysetup-temp-allocator-size-gi-baking-worker=262144"
    "memorysetup-temp-allocator-size-gi-baking-worker=262144"
    "memorysetup-temp-allocator-size-gfx=262144"
Player connection [21524]  Target information:

Player connection [21524]  * "[IP] 192.168.219.101 [Port] 0 [Flags] 2 [Guid] 468741907 [EditorId] 468741907 [Version] 1048832 [Id] WindowsEditor(7,Dinosaur) [Debug] 1 [PackageName] WindowsEditor [ProjectName] Editor" 

Player connection [21524] Host joined multi-casting on [225.0.0.222:54997]...
Player connection [21524] Host joined alternative multi-casting on [225.0.0.222:34997]...
JobSystem: Creating JobQueue using job-worker-count value 5
Input System module state changed to: Initialized.
[Physics::Module] Initialized fallback backend.
[Physics::Module] Id: 0xdecafbad
Library Redirect Path: Library/
[Licensing::Client] Code 10 while verifying Licensing Client signature (process Id: 26152, path: "C:/Users/nwond/OneDrive/바탕 화면/Unity Hub/UnityLicensingClient_V1/Unity.Licensing.Client.exe")
[Licensing::Module] LicensingClient has failed validation; ignoring
[Licensing::Client] Handshaking with LicensingClient:
  Version:                 1.17.4+4293ba1
  Session Id:              4b9008887a834934949c14d1e69c06eb
  Correlation Id:          cef58ddb3993f1f59d021f07536c46c0
  External correlation Id: 134037509219947574
  Machine Id:              vzHBHqQzprq0ab1zjqc1s15jH+s=
[Licensing::Module] Successfully connected to LicensingClient on channel: "LicenseClient-nwond" (connect: 0.00s, validation: 0.00s, handshake: 0.17s)
[Licensing::IpcConnector] Successfully connected to: "LicenseClient-nwond-notifications" at "2026-07-19T06:27:33.7749218Z"
[Licensing::Module] Licensing Background thread has ended after 0.17s
[Physics::Module] Selected backend.
[Physics::Module] Name: PhysX
[Physics::Module] Id: 0xf2b8ea05
[Physics::Module] SDK Version: 4.1.2
[Physics::Module] Integration Version: 1.0.0
[Physics::Module] Threading Mode: Multi-Threaded
Refreshing native plugins compatible for Editor in 241.43 ms, found 4 plugins.
Preloading 0 native plugins for Editor in 0.00 ms.
Initialize engine version: 6000.2.6f2 (4a4dcaec6541)
[Subsystems] Discovering subsystems at path C:/Program Files/Unity/Hub/Editor/6000.2.6f2/Editor/Data/Resources/UnitySubsystems
[Subsystems] Discovering subsystems at path C:/Users/nwond/OneDrive/바탕 화면/Anomalous/Game/Assets
GfxDevice: creating device client; kGfxThreadingModeNonThreaded
d3d12: failed to query info queue interface (0x80004002).
Direct3D:
    Version:         Direct3D 12 [level 12.1]
    Renderer:        NVIDIA GeForce RTX 3060 (ID=0x2544)
    Vendor:          NVIDIA
    VRAM:            8036 MB
    App VRAM Budget: 7268 MB
    Driver:          32.0.16.1074
Initialize mono
Mono path[0] = 'C:/Program Files/Unity/Hub/Editor/6000.2.6f2/Editor/Data/Managed'
Mono path[1] = 'C:/Program Files/Unity/Hub/Editor/6000.2.6f2/Editor/Data/MonoBleedingEdge/lib/mono/unityjit-win32'
Mono config path = 'C:/Program Files/Unity/Hub/Editor/6000.2.6f2/Editor/Data/MonoBleedingEdge/etc'
Using monoOptions --debugger-agent=transport=dt_socket,embedding=1,server=y,suspend=n,address=127.0.0.1:56580
Begin MonoManager ReloadAssembly
Registering precompiled unity dll's ...
Register platform support module: C:/Program Files/Unity/Hub/Editor/6000.2.6f2/Editor/Data/PlaybackEngines/WebGLSupport/UnityEditor.WebGL.Extensions.dll
Register platform support module: C:/Program Files/Unity/Hub/Editor/6000.2.6f2/Editor/Data/PlaybackEngines/WindowsStandaloneSupport/UnityEditor.WindowsStandalone.Extensions.dll
[Licensing::Client] Successfully resolved entitlement details
[Licensing::Module] License group:
  Id: 14569174559127-UnityPersXXXX
  Product: Unity Personal
  Type: Assigned
  Expiration: Unlimited
Register platform support module: C:/Program Files/Unity/Hub/Editor/6000.2.6f2/Editor/Data/PlaybackEngines/AndroidPlayer/UnityEditor.Android.Extensions.dll
[Licensing::Client] Successfully resolved entitlement details
Register platform support module: C:/Program Files/Unity/Hub/Editor/6000.2.6f2/Editor/Data/PlaybackEngines/iOSSupport/UnityEditor.iOS.Extensions.dll
Registered in 0.015150 seconds.
- Loaded All Assemblies, in  2.457 seconds
[usbmuxd] Start listen thread
[usbmuxd] Listen thread started
Native extension for iOS target not found
Native extension for Android target not found
Android Extension - Scanning For ADB Devices 513 ms
Native extension for WindowsStandalone target not found
Native extension for WebGL target not found
Mono: successfully reloaded assembly
- Finished resetting the current domain, in  1.148 seconds
Domain Reload Profiling: 3596ms
	BeginReloadAssembly (231ms)
		ExecutionOrderSort (0ms)
		DisableScriptedObjects (0ms)
		BackupInstance (0ms)
		ReleaseScriptingObjects (0ms)
		CreateAndSetChildDomain (1ms)
	RebuildCommonClasses (265ms)
	RebuildNativeTypeToScriptingClass (17ms)
	initialDomainReloadingComplete (90ms)
	LoadAllAssembliesAndSetupDomain (1845ms)
		LoadAssemblies (226ms)
		RebuildTransferFunctionScriptingTraits (0ms)
		AnalyzeDomain (1839ms)
			TypeCache.Refresh (1836ms)
				TypeCache.ScanAssembly (1391ms)
			BuildScriptInfoCaches (0ms)
			ResolveRequiredComponents (1ms)
	FinalizeReload (1149ms)
		ReleaseScriptCaches (0ms)
		RebuildScriptCaches (0ms)
		SetupLoadedEditorAssemblies (1085ms)
			LogAssemblyErrors (0ms)
			InitializePlatformSupportModulesInManaged (719ms)
			SetLoadedEditorAssemblies (5ms)
			BeforeProcessingInitializeOnLoad (92ms)
			ProcessInitializeOnLoadAttributes (162ms)
			ProcessInitializeOnLoadMethodAttributes (107ms)
			AfterProcessingInitializeOnLoad (0ms)
			EditorAssembliesLoaded (0ms)
		ExecutionOrderSort2 (0ms)
		AwakeInstancesAfterBackupRestoration (0ms)
========================================================================
Worker process is ready to serve import requests
Import Worker Mode flag is 0x00
Begin MonoManager ReloadAssembly
[Licensing::Client] Successfully resolved entitlement details
- Loaded All Assemblies, in  1.218 seconds
Refreshing native plugins compatible for Editor in 2.84 ms, found 4 plugins.
Native extension for iOS target not found
Native extension for Android target not found
Native extension for WindowsStandalone target not found
Native extension for WebGL target not found
Refreshing native plugins compatible for Editor in 4.49 ms, found 4 plugins.
Package Manager log level set to [2]
[Package Manager] Failed to launch server process. Reason: Unity was launched with the -noUpm command-line argument
[Package Manager] Unable to send message (not connected to server process).
[Package Manager] Cannot connect to Unity Package Manager local server
Mono: successfully reloaded assembly
- Finished resetting the current domain, in  0.938 seconds
Domain Reload Profiling: 2147ms
	BeginReloadAssembly (260ms)
		ExecutionOrderSort (0ms)
		DisableScriptedObjects (9ms)
		BackupInstance (0ms)
		ReleaseScriptingObjects (0ms)
		CreateAndSetChildDomain (38ms)
	RebuildCommonClasses (48ms)
	RebuildNativeTypeToScriptingClass (15ms)
	initialDomainReloadingComplete (53ms)
	LoadAllAssembliesAndSetupDomain (832ms)
		LoadAssemblies (514ms)
		RebuildTransferFunctionScriptingTraits (0ms)
		AnalyzeDomain (474ms)
			TypeCache.Refresh (405ms)
				TypeCache.ScanAssembly (387ms)
			BuildScriptInfoCaches (55ms)
			ResolveRequiredComponents (10ms)
	FinalizeReload (939ms)
		ReleaseScriptCaches (0ms)
		RebuildScriptCaches (0ms)
		SetupLoadedEditorAssemblies (687ms)
			LogAssemblyErrors (0ms)
			InitializePlatformSupportModulesInManaged (15ms)
			SetLoadedEditorAssemblies (4ms)
			BeforeProcessingInitializeOnLoad (142ms)
			ProcessInitializeOnLoadAttributes (445ms)
			ProcessInitializeOnLoadMethodAttributes (66ms)
			AfterProcessingInitializeOnLoad (16ms)
			EditorAssembliesLoaded (0ms)
		ExecutionOrderSort2 (0ms)
		AwakeInstancesAfterBackupRestoration (19ms)
Launched and connected shader compiler UnityShaderCompiler.exe after 0.05 seconds
Refreshing native plugins compatible for Editor in 4.30 ms, found 4 plugins.
Preloading 0 native plugins for Editor in 0.00 ms.
Unloading 13 Unused Serialized files (Serialized files now loaded: 0)
Unloading 6573 unused Assets / (4.8 MB). Loaded Objects now: 7271.
Memory consumption went from 141.9 MB to 137.1 MB.
Total: 10.158000 ms (FindLiveObjects: 1.095900 ms CreateObjectMapping: 0.752200 ms MarkObjects: 5.314800 ms  DeleteObjects: 2.993300 ms)

========================================================================
Received Import Request.
  Time since last request: 74054.744228 seconds.
  path: Assets/Horror Pack/Textures/T_Door_01_A.tga
  artifactKey: Guid(6a09d6b8923975e4b9af12a04e9d39fe) Importer(2089858483,192608db42251d675da83286b1cce702)
Start importing Assets/Horror Pack/Textures/T_Door_01_A.tga using Guid(6a09d6b8923975e4b9af12a04e9d39fe) Importer(2089858483,192608db42251d675da83286b1cce702) (ScriptedImporter) -> (artifact id: '7bb54ac7337e89e2e283154743a29066') in 0.2747722 seconds
Number of updated asset objects reloaded before import = 0Number of asset objects unloaded after import = 1

========================================================================
Received Import Request.
  Time since last request: 0.000041 seconds.
  path: Assets/Horror Pack/Textures/T_Walllime01_R.TGA
  artifactKey: Guid(b8bb4830a55b4464fbf9f91f387148e4) Importer(2089858483,192608db42251d675da83286b1cce702)
Start importing Assets/Horror Pack/Textures/T_Walllime01_R.TGA using Guid(b8bb4830a55b4464fbf9f91f387148e4) Importer(2089858483,192608db42251d675da83286b1cce702) (ScriptedImporter) -> (artifact id: '52a5362756315561c1f9ab91cd39ee1a') in 0.0232185 seconds
Number of updated asset objects reloaded before import = 0Number of asset objects unloaded after import = 1

========================================================================
Received Import Request.
  Time since last request: 0.000028 seconds.
  path: Assets/Horror Pack/Textures/T_Door_01_MR.tga
  artifactKey: Guid(ace021d20dc4fee42905fc84d876b02b) Importer(2089858483,192608db42251d675da83286b1cce702)
Start importing Assets/Horror Pack/Textures/T_Door_01_MR.tga using Guid(ace021d20dc4fee42905fc84d876b02b) Importer(2089858483,192608db42251d675da83286b1cce702) (ScriptedImporter) -> (artifact id: '8ff091cc90b0fce002287bc90aec5994') in 0.0269441 seconds
Number of updated asset objects reloaded before import = 0Number of asset objects unloaded after import = 1

========================================================================
Received Import Request.
  Time since last request: 0.000017 seconds.
  path: Assets/Horror Pack/Models/Materials/Mat_Door_01_G.mat
  artifactKey: Guid(52c326e58d79dae4b84c4fe3a0970284) Importer(2089858483,192608db42251d675da83286b1cce702)
Start importing Assets/Horror Pack/Models/Materials/Mat_Door_01_G.mat using Guid(52c326e58d79dae4b84c4fe3a0970284) Importer(2089858483,192608db42251d675da83286b1cce702) (ScriptedImporter) -> (artifact id: '1ecd9eebf2fdad8d048732237b408a5f') in 0.0464479 seconds
Number of updated asset objects reloaded before import = 0Number of asset objects unloaded after import = 3

========================================================================
Received Import Request.
  Time since last request: 0.000028 seconds.
  path: Assets/Horror Pack/Models/SM_BedBedding_01.FBX
  artifactKey: Guid(9909a7e3782d08b4490fb850b1ebd7fd) Importer(2089858483,192608db42251d675da83286b1cce702)
Start importing Assets/Horror Pack/Models/SM_BedBedding_01.FBX using Guid(9909a7e3782d08b4490fb850b1ebd7fd) Importer(2089858483,192608db42251d675da83286b1cce702) (ScriptedImporter) -> (artifact id: 'bad2d79717f0c813e8827c8320307a21') in 0.0635081 seconds
Number of updated asset objects reloaded before import = 0Number of asset objects unloaded after import = 8

========================================================================
Received Import Request.
  Time since last request: 0.000029 seconds.
  path: Assets/Horror Pack/Prefab/P_Bed_01.prefab
  artifactKey: Guid(2ca85dfd1a5ba8d45b36c20053b13142) Importer(2089858483,192608db42251d675da83286b1cce702)
Start importing Assets/Horror Pack/Prefab/P_Bed_01.prefab using Guid(2ca85dfd1a5ba8d45b36c20053b13142) Importer(2089858483,192608db42251d675da83286b1cce702) (ScriptedImporter) -> (artifact id: '6858f04e4ad76f7a2e8df6a39f60a159') in 0.0232082 seconds
Number of updated asset objects reloaded before import = 0Number of asset objects unloaded after import = 26

========================================================================
Received Import Request.
  Time since last request: 0.000040 seconds.
  path: Assets/Horror Pack/Textures/T_Bed_Metal_01_M.tga
  artifactKey: Guid(b0d09a717c8c74d429116d820bcf49f0) Importer(2089858483,192608db42251d675da83286b1cce702)
Start importing Assets/Horror Pack/Textures/T_Bed_Metal_01_M.tga using Guid(b0d09a717c8c74d429116d820bcf49f0) Importer(2089858483,192608db42251d675da83286b1cce702) (ScriptedImporter) -> (artifact id: '544f19652dd93e9d01f21bec1c8491b5') in 0.0298536 seconds
Number of updated asset objects reloaded before import = 0Number of asset objects unloaded after import = 1

========================================================================
Received Import Request.
  Time since last request: 0.000028 seconds.
  path: Assets/Horror Pack/Prefab/P_Door_01_.prefab
  artifactKey: Guid(df2f14ece3a3a0847aad4f1407b39c50) Importer(2089858483,192608db42251d675da83286b1cce702)
Start importing Assets/Horror Pack/Prefab/P_Door_01_.prefab using Guid(df2f14ece3a3a0847aad4f1407b39c50) Importer(2089858483,192608db42251d675da83286b1cce702) (ScriptedImporter) -> (artifact id: 'd06228c4adf62df3a3767312b33233ff') in 0.0193313 seconds
Number of updated asset objects reloaded before import = 0Number of asset objects unloaded after import = 16

========================================================================
Received Import Request.
  Time since last request: 0.000027 seconds.
  path: Assets/Horror Pack/Map_Hosp1
  artifactKey: Guid(5d4737e6cac483f4bb71aab55612b97e) Importer(2089858483,192608db42251d675da83286b1cce702)
Start importing Assets/Horror Pack/Map_Hosp1 using Guid(5d4737e6cac483f4bb71aab55612b97e) Importer(2089858483,192608db42251d675da83286b1cce702) (ScriptedImporter) -> (artifact id: '40ff833513e4dc705397860ab72eeacb') in 0.0139096 seconds
Number of updated asset objects reloaded before import = 0Number of asset objects unloaded after import = 1

========================================================================
Received Import Request.
  Time since last request: 0.000037 seconds.
  path: Assets/Horror Pack/Textures/T_BedBedding_AO.tga
  artifactKey: Guid(9ff408b0cb141da43ba77e4a49f64c19) Importer(2089858483,192608db42251d675da83286b1cce702)
Start importing Assets/Horror Pack/Textures/T_BedBedding_AO.tga using Guid(9ff408b0cb141da43ba77e4a49f64c19) Importer(2089858483,192608db42251d675da83286b1cce702) (ScriptedImporter) -> (artifact id: 'b718d43fc5f17043261b0f42cfdfb5a7') in 0.0283478 seconds
Number of updated asset objects reloaded before import = 0Number of asset objects unloaded after import = 1

========================================================================
Received Import Request.
  Time since last request: 0.000019 seconds.
  path: Assets/Horror Pack/Prefab/P_Column_01.prefab
  artifactKey: Guid(65968727b1724da49a554ba4d50f4ad4) Importer(2089858483,192608db42251d675da83286b1cce702)
Start importing Assets/Horror Pack/Prefab/P_Column_01.prefab using Guid(65968727b1724da49a554ba4d50f4ad4) Importer(2089858483,192608db42251d675da83286b1cce702) (ScriptedImporter) -> (artifact id: '7b9b194bd9ad30d0827087464ea369ea') in 0.0252539 seconds
Number of updated asset objects reloaded before import = 0Number of asset objects unloaded after import = 10

========================================================================
Received Import Request.
  Time since last request: 0.000028 seconds.
  path: Assets/Horror Pack/Models
  artifactKey: Guid(dfcbaf66129769e43bf64d5b73ffa859) Importer(2089858483,192608db42251d675da83286b1cce702)
Start importing Assets/Horror Pack/Models using Guid(dfcbaf66129769e43bf64d5b73ffa859) Importer(2089858483,192608db42251d675da83286b1cce702) (ScriptedImporter) -> (artifact id: '3e339b2dd2bb3cde61887345f910b18a') in 0.016047 seconds
Number of updated asset objects reloaded before import = 0Number of asset objects unloaded after import = 1

========================================================================
Received Import Request.
  Time since last request: 0.000039 seconds.
  path: Assets/Horror Pack/Textures/T_Med_box_01_M.tga
  artifactKey: Guid(4b37689a686d65946bcdd617ca41bf1b) Importer(2089858483,192608db42251d675da83286b1cce702)
Start importing Assets/Horror Pack/Textures/T_Med_box_01_M.tga using Guid(4b37689a686d65946bcdd617ca41bf1b) Importer(2089858483,192608db42251d675da83286b1cce702) (ScriptedImporter) -> (artifact id: '712f76693c6b9d8c37fb981d288d8175') in 0.0308928 seconds
Number of updated asset objects reloaded before import = 0Number of asset objects unloaded after import = 1

========================================================================
Received Import Request.
  Time since last request: 1.190055 seconds.
  path: Assets/Horror Pack/Textures
  artifactKey: Guid(94a7a00bb05fa2e44ab3dd420121b030) Importer(815301076,1909f56bfc062723c751e8b465ee728b)
Start importing Assets/Horror Pack/Textures using Guid(94a7a00bb05fa2e44ab3dd420121b030) Importer(815301076,1909f56bfc062723c751e8b465ee728b) (PreviewImporter) -> (artifact id: '0899e0b643382c15dfa1f44bf1746695') in 0.0016048 seconds
Number of updated asset objects reloaded before import = 0Number of asset objects unloaded after import = 0

========================================================================
Received Import Request.
  Time since last request: 0.056353 seconds.
  path: Assets/Horror Pack/Textures/T_Bed_Metal_01.tga
  artifactKey: Guid(6febee19ac762cf46aa78cebb2d48dfa) Importer(815301076,1909f56bfc062723c751e8b465ee728b)
Start importing Assets/Horror Pack/Textures/T_Bed_Metal_01.tga using Guid(6febee19ac762cf46aa78cebb2d48dfa) Importer(815301076,1909f56bfc062723c751e8b465ee728b) (PreviewImporter) -> (artifact id: '745314d0e2fcb01bfc3e16c173c0907f') in 0.1044238 seconds
Number of updated asset objects reloaded before import = 0Number of asset objects unloaded after import = 2

========================================================================
Received Import Request.
  Time since last request: 0.000029 seconds.
  path: Assets/Horror Pack/Textures/T_Tile01_R.TGA
  artifactKey: Guid(300acc0be6e47024690a4baa38095d44) Importer(815301076,1909f56bfc062723c751e8b465ee728b)
Start importing Assets/Horror Pack/Textures/T_Tile01_R.TGA using Guid(300acc0be6e47024690a4baa38095d44) Importer(815301076,1909f56bfc062723c751e8b465ee728b) (PreviewImporter) -> (artifact id: '888bfb5142454a1588a7f6bbf0678ae1') in 0.0398486 seconds
Number of updated asset objects reloaded before import = 0Number of asset objects unloaded after import = 2

========================================================================
Received Import Request.
  Time since last request: 0.000031 seconds.
  path: Assets/Horror Pack/Textures/T_Med_box_01.tga
  artifactKey: Guid(71fcdacc93daf0e46bca8ddba2ef798f) Importer(815301076,1909f56bfc062723c751e8b465ee728b)
Start importing Assets/Horror Pack/Textures/T_Med_box_01.tga using Guid(71fcdacc93daf0e46bca8ddba2ef798f) Importer(815301076,1909f56bfc062723c751e8b465ee728b) (PreviewImporter) -> (artifact id: '99464ef4a040b297c140b96e8b795535') in 0.0210146 seconds
Number of updated asset objects reloaded before import = 0Number of asset objects unloaded after import = 2

========================================================================
Received Import Request.
  Time since last request: 0.000018 seconds.
  path: Assets/Horror Pack/Textures/T_Door_01_N.tga
  artifactKey: Guid(1187c62cb03f7a243bd9b242817bc2e6) Importer(815301076,1909f56bfc062723c751e8b465ee728b)
Start importing Assets/Horror Pack/Textures/T_Door_01_N.tga using Guid(1187c62cb03f7a243bd9b242817bc2e6) Importer(815301076,1909f56bfc062723c751e8b465ee728b) (PreviewImporter) -> (artifact id: '467a8f2304b0f039f95d828cf33f9517') in 0.0551656 seconds
Number of updated asset objects reloaded before import = 0Number of asset objects unloaded after import = 2

========================================================================
Received Import Request.
  Time since last request: 0.000037 seconds.
  path: Assets/Horror Pack/Textures/T_Tile02_R.TGA
  artifactKey: Guid(dbe39981618f6f141b9a6aa20aa1ed9e) Importer(815301076,1909f56bfc062723c751e8b465ee728b)
Start importing Assets/Horror Pack/Textures/T_Tile02_R.TGA using Guid(dbe39981618f6f141b9a6aa20aa1ed9e) Importer(815301076,1909f56bfc062723c751e8b465ee728b) (PreviewImporter) -> (artifact id: 'e9fae2f72a65198a1303f24b43775168') in 0.0193557 seconds
Number of updated asset objects reloaded before import = 0Number of asset objects unloaded after import = 2

========================================================================
Received Import Request.
  Time since last request: 0.000038 seconds.
  path: Assets/Horror Pack/Textures/T_Door_01_G.png
  artifactKey: Guid(1169160aab534cd4aaf32738057f4341) Importer(815301076,1909f56bfc062723c751e8b465ee728b)
Start importing Assets/Horror Pack/Textures/T_Door_01_G.png using Guid(1169160aab534cd4aaf32738057f4341) Importer(815301076,1909f56bfc062723c751e8b465ee728b) (PreviewImporter) -> (artifact id: '6eb534f7eb8f195ee8eb03a7197b2543') in 0.0207089 seconds
Number of updated asset objects reloaded before import = 0Number of asset objects unloaded after import = 2

========================================================================
Received Import Request.
  Time since last request: 0.000021 seconds.
  path: Assets/Horror Pack/Textures/T_Tile02_C.TGA
  artifactKey: Guid(7b98973f5058c8d489993665865ac405) Importer(815301076,1909f56bfc062723c751e8b465ee728b)
Start importing Assets/Horror Pack/Textures/T_Tile02_C.TGA using Guid(7b98973f5058c8d489993665865ac405) Importer(815301076,1909f56bfc062723c751e8b465ee728b) (PreviewImporter) -> (artifact id: '7d6d8bd92a7a59d638fd66c912ac3718') in 0.0196333 seconds
Number of updated asset objects reloaded before import = 0Number of asset objects unloaded after import = 2

========================================================================
Received Import Request.
  Time since last request: 0.000030 seconds.
  path: Assets/Horror Pack/Textures/T_Lamp_M.png
  artifactKey: Guid(b86fb20848ffead4eae4033d276cac3d) Importer(815301076,1909f56bfc062723c751e8b465ee728b)
Start importing Assets/Horror Pack/Textures/T_Lamp_M.png using Guid(b86fb20848ffead4eae4033d276cac3d) Importer(815301076,1909f56bfc062723c751e8b465ee728b) (PreviewImporter) -> (artifact id: '3f794c84f08ef925ccab2162e9746272') in 0.0225244 seconds
Number of updated asset objects reloaded before import = 0Number of asset objects unloaded after import = 2

========================================================================
Received Import Request.
  Time since last request: 0.000034 seconds.
  path: Assets/Horror Pack/Textures/T_BedBedding_AO.tga
  artifactKey: Guid(9ff408b0cb141da43ba77e4a49f64c19) Importer(815301076,1909f56bfc062723c751e8b465ee728b)
Start importing Assets/Horror Pack/Textures/T_BedBedding_AO.tga using Guid(9ff408b0cb141da43ba77e4a49f64c19) Importer(815301076,1909f56bfc062723c751e8b465ee728b) (PreviewImporter) -> (artifact id: '312a650230d788c00274baba9e4ea17f') in 0.0218163 seconds
Number of updated asset objects reloaded before import = 0Number of asset objects unloaded after import = 2

========================================================================
Received Import Request.
  Time since last request: 0.000018 seconds.
  path: Assets/Horror Pack/Textures/T_Bed_Metal_01_N.tga
  artifactKey: Guid(ac78e263370d86646b803867f58812db) Importer(815301076,1909f56bfc062723c751e8b465ee728b)
Start importing Assets/Horror Pack/Textures/T_Bed_Metal_01_N.tga using Guid(ac78e263370d86646b803867f58812db) Importer(815301076,1909f56bfc062723c751e8b465ee728b) (PreviewImporter) -> (artifact id: 'a22b8d0ef3e34ab5a8662447a1614d99') in 0.0220884 seconds
Number of updated asset objects reloaded before import = 0Number of asset objects unloaded after import = 2

========================================================================
Received Import Request.
  Time since last request: 0.000027 seconds.
  path: Assets/Horror Pack/Textures/T_Med_box_01_M.tga
  artifactKey: Guid(4b37689a686d65946bcdd617ca41bf1b) Importer(815301076,1909f56bfc062723c751e8b465ee728b)
Start importing Assets/Horror Pack/Textures/T_Med_box_01_M.tga using Guid(4b37689a686d65946bcdd617ca41bf1b) Importer(815301076,1909f56bfc062723c751e8b465ee728b) (PreviewImporter) -> (artifact id: '2b625872389f37a5bb0fbbe4df0fbedd') in 0.0207209 seconds
Number of updated asset objects reloaded before import = 0Number of asset objects unloaded after import = 2

========================================================================
Received Import Request.
  Time since last request: 3.405578 seconds.
  path: Assets/Horror Pack/Prefab/P_Bed_01.prefab
  artifactKey: Guid(2ca85dfd1a5ba8d45b36c20053b13142) Importer(815301076,1909f56bfc062723c751e8b465ee728b)
Start importing Assets/Horror Pack/Prefab/P_Bed_01.prefab using Guid(2ca85dfd1a5ba8d45b36c20053b13142) Importer(815301076,1909f56bfc062723c751e8b465ee728b) (PreviewImporter) -> (artifact id: '8744c57e4ccd779faef110bbdd58c8c6') in 0.6290015 seconds
Number of updated asset objects reloaded before import = 0Number of asset objects unloaded after import = 34

========================================================================
Received Import Request.
  Time since last request: 0.000048 seconds.
  path: Assets/Horror Pack/Prefab/P_Wall_02.prefab
  artifactKey: Guid(a71dd1fa6efddfa41990980cd044de47) Importer(815301076,1909f56bfc062723c751e8b465ee728b)
Start importing Assets/Horror Pack/Prefab/P_Wall_02.prefab using Guid(a71dd1fa6efddfa41990980cd044de47) Importer(815301076,1909f56bfc062723c751e8b465ee728b) (PreviewImporter) -> (artifact id: '3a68f54865e35e4877025734a557627e') in 0.0360934 seconds
Number of updated asset objects reloaded before import = 0Number of asset objects unloaded after import = 24

========================================================================
Received Import Request.
  Time since last request: 0.000045 seconds.
  path: Assets/Horror Pack/Prefab/P_Med_box_01.prefab
  artifactKey: Guid(eeefdd9044a28504abd5e39c9e8fe5d0) Importer(815301076,1909f56bfc062723c751e8b465ee728b)
Start importing Assets/Horror Pack/Prefab/P_Med_box_01.prefab using Guid(eeefdd9044a28504abd5e39c9e8fe5d0) Importer(815301076,1909f56bfc062723c751e8b465ee728b) (PreviewImporter) -> (artifact id: '47f632aac2ab293656229ad9beef0445') in 0.0390135 seconds
Number of updated asset objects reloaded before import = 0Number of asset objects unloaded after import = 12

========================================================================
Received Import Request.
  Time since last request: 0.000038 seconds.
  path: Assets/Horror Pack/Prefab/P_Lamp.prefab
  artifactKey: Guid(dc8f3955c063af240afd23143f496335) Importer(815301076,1909f56bfc062723c751e8b465ee728b)
Start importing Assets/Horror Pack/Prefab/P_Lamp.prefab using Guid(dc8f3955c063af240afd23143f496335) Importer(815301076,1909f56bfc062723c751e8b465ee728b) (PreviewImporter) -> (artifact id: '2a2aa0cdf30b70bb50c2434ef6836f72') in 0.1272924 seconds
Number of updated asset objects reloaded before import = 0Number of asset objects unloaded after import = 14

========================================================================
Received Import Request.
  Time since last request: 0.000034 seconds.
  path: Assets/Horror Pack/Prefab/P_Door_01_.prefab
  artifactKey: Guid(df2f14ece3a3a0847aad4f1407b39c50) Importer(815301076,1909f56bfc062723c751e8b465ee728b)
Start importing Assets/Horror Pack/Prefab/P_Door_01_.prefab using Guid(df2f14ece3a3a0847aad4f1407b39c50) Importer(815301076,1909f56bfc062723c751e8b465ee728b) (PreviewImporter) -> (artifact id: '4d4ef57578b9e30ddfef259692e0cc82') in 0.1395212 seconds
Number of updated asset objects reloaded before import = 0Number of asset objects unloaded after import = 23

========================================================================
Received Import Request.
  Time since last request: 0.000056 seconds.
  path: Assets/Horror Pack/Prefab/P_Wall_01.prefab
  artifactKey: Guid(a73967be39a7cc74ca310e8a9d9de82d) Importer(815301076,1909f56bfc062723c751e8b465ee728b)
Start importing Assets/Horror Pack/Prefab/P_Wall_01.prefab using Guid(a73967be39a7cc74ca310e8a9d9de82d) Importer(815301076,1909f56bfc062723c751e8b465ee728b) (PreviewImporter) -> (artifact id: '7568c485f886d73f7cb377ccc7db7bd4') in 0.0417535 seconds
Number of updated asset objects reloaded before import = 0Number of asset objects unloaded after import = 24

========================================================================
Received Import Request.
  Time since last request: 0.000048 seconds.
  path: Assets/Horror Pack/Models/Materials/Mat_Bed_Metal_01s.mat
  artifactKey: Guid(80cb81cea798afb43987837e11469c6f) Importer(2089858483,192608db42251d675da83286b1cce702)
Start importing Assets/Horror Pack/Models/Materials/Mat_Bed_Metal_01s.mat using Guid(80cb81cea798afb43987837e11469c6f) Importer(2089858483,192608db42251d675da83286b1cce702) (ScriptedImporter) -> (artifact id: 'd6766c2b62ccf3fdca546e05b16177ee') in 0.0407298 seconds
Number of updated asset objects reloaded before import = 0Number of asset objects unloaded after import = 4

========================================================================
Received Import Request.
  Time since last request: 0.000038 seconds.
  path: Assets/Horror Pack/Prefab/P_Floor_02.prefab
  artifactKey: Guid(695e9c39c231cfa41a135e68073a9772) Importer(815301076,1909f56bfc062723c751e8b465ee728b)
Start importing Assets/Horror Pack/Prefab/P_Floor_02.prefab using Guid(695e9c39c231cfa41a135e68073a9772) Importer(815301076,1909f56bfc062723c751e8b465ee728b) (PreviewImporter) -> (artifact id: 'b26aff3283d5dcb71a89bdbae682a93a') in 0.0462847 seconds
Number of updated asset objects reloaded before import = 0Number of asset objects unloaded after import = 23

========================================================================
Received Import Request.
  Time since last request: 0.000068 seconds.
  path: Assets/Horror Pack/Prefab/P_Floor_01.prefab
  artifactKey: Guid(b826295956c65444987d7baae67c5858) Importer(815301076,1909f56bfc062723c751e8b465ee728b)
Start importing Assets/Horror Pack/Prefab/P_Floor_01.prefab using Guid(b826295956c65444987d7baae67c5858) Importer(815301076,1909f56bfc062723c751e8b465ee728b) (PreviewImporter) -> (artifact id: '3b38d0ebf2424bab8ea372c44c0a7e5a') in 0.0359943 seconds
Number of updated asset objects reloaded before import = 0Number of asset objects unloaded after import = 14

========================================================================
Received Import Request.
  Time since last request: 0.000045 seconds.
  path: Assets/Horror Pack/Prefab/P_Column_01.prefab
  artifactKey: Guid(65968727b1724da49a554ba4d50f4ad4) Importer(815301076,1909f56bfc062723c751e8b465ee728b)
Start importing Assets/Horror Pack/Prefab/P_Column_01.prefab using Guid(65968727b1724da49a554ba4d50f4ad4) Importer(815301076,1909f56bfc062723c751e8b465ee728b) (PreviewImporter) -> (artifact id: '0cbe79339c8ec8c8492c2b41f88d5862') in 0.0386786 seconds
Number of updated asset objects reloaded before import = 0Number of asset objects unloaded after import = 16

========================================================================
Received Import Request.
  Time since last request: 0.000046 seconds.
  path: Assets/Horror Pack/Prefab/P_Door_01_Base.prefab
  artifactKey: Guid(6d0f69892e260164b9b56372f7556fdb) Importer(815301076,1909f56bfc062723c751e8b465ee728b)
Start importing Assets/Horror Pack/Prefab/P_Door_01_Base.prefab using Guid(6d0f69892e260164b9b56372f7556fdb) Importer(815301076,1909f56bfc062723c751e8b465ee728b) (PreviewImporter) -> (artifact id: '7e8dff120ec483ae6bb734495f17ebf1') in 0.0408495 seconds
Number of updated asset objects reloaded before import = 0Number of asset objects unloaded after import = 14

========================================================================
Received Import Request.
  Time since last request: 0.000046 seconds.
  path: Assets/Horror Pack/Prefab/P_Module_DoorRoom_01.prefab
  artifactKey: Guid(3889b3008743b404aba704ca0f2f2989) Importer(2089858483,192608db42251d675da83286b1cce702)
Start importing Assets/Horror Pack/Prefab/P_Module_DoorRoom_01.prefab using Guid(3889b3008743b404aba704ca0f2f2989) Importer(2089858483,192608db42251d675da83286b1cce702) (ScriptedImporter) -> (artifact id: '0a8cce9e5f4ad44e75bcb8fd0162d867') in 0.0197418 seconds
Number of updated asset objects reloaded before import = 0Number of asset objects unloaded after import = 40

========================================================================
Received Import Request.
  Time since last request: 0.000030 seconds.
  path: Assets/Horror Pack/Models/SM_Module_DoorRoom_02.obj
  artifactKey: Guid(2e7ceb9bdea64d749a31eaaf90027994) Importer(2089858483,192608db42251d675da83286b1cce702)
Start importing Assets/Horror Pack/Models/SM_Module_DoorRoom_02.obj using Guid(2e7ceb9bdea64d749a31eaaf90027994) Importer(2089858483,192608db42251d675da83286b1cce702) (ScriptedImporter) -> (artifact id: '3d2e77d6ac8d51858fff2f40db601167') in 0.0465173 seconds
Number of updated asset objects reloaded before import = 0Number of asset objects unloaded after import = 44

========================================================================
Received Import Request.
  Time since last request: 0.000083 seconds.
  path: Assets/Horror Pack/Textures/T_Tile03_N.tga
  artifactKey: Guid(ebc9188e67cba8944bb3818d0e18fca7) Importer(2089858483,192608db42251d675da83286b1cce702)
Start importing Assets/Horror Pack/Textures/T_Tile03_N.tga using Guid(ebc9188e67cba8944bb3818d0e18fca7) Importer(2089858483,192608db42251d675da83286b1cce702) (ScriptedImporter) -> (artifact id: '944fe71cec4c4808844c703dee333efd') in 0.030473 seconds
Number of updated asset objects reloaded before import = 0Number of asset objects unloaded after import = 1

========================================================================
Received Import Request.
  Time since last request: 0.000053 seconds.
  path: Assets/Horror Pack/Prefab/P_Module_DoorRoom_02.prefab
  artifactKey: Guid(7e4b8910ee9acf842b022199caf324c8) Importer(815301076,1909f56bfc062723c751e8b465ee728b)
Start importing Assets/Horror Pack/Prefab/P_Module_DoorRoom_02.prefab using Guid(7e4b8910ee9acf842b022199caf324c8) Importer(815301076,1909f56bfc062723c751e8b465ee728b) (PreviewImporter) -> (artifact id: 'c62026af578b97b36845c7f217ac8c58') in 0.0921915 seconds
Number of updated asset objects reloaded before import = 0Number of asset objects unloaded after import = 74

========================================================================
Received Import Request.
  Time since last request: 0.000051 seconds.
  path: Assets/Horror Pack/Textures/T_Tile02_N.tga
  artifactKey: Guid(2c2941ed45c0e7f4486cb3adc97f188e) Importer(2089858483,192608db42251d675da83286b1cce702)
Start importing Assets/Horror Pack/Textures/T_Tile02_N.tga using Guid(2c2941ed45c0e7f4486cb3adc97f188e) Importer(2089858483,192608db42251d675da83286b1cce702) (ScriptedImporter) -> (artifact id: '8e017f30b34b0568fc00930a5905cbcf') in 0.0291224 seconds
Number of updated asset objects reloaded before import = 0Number of asset objects unloaded after import = 1

========================================================================
Received Import Request.
  Time since last request: 0.000039 seconds.
  path: Assets/Horror Pack/Models/SM_Med_box_01.FBX
  artifactKey: Guid(18ce9342c786442408d15b750748b72c) Importer(2089858483,192608db42251d675da83286b1cce702)
Start importing Assets/Horror Pack/Models/SM_Med_box_01.FBX using Guid(18ce9342c786442408d15b750748b72c) Importer(2089858483,192608db42251d675da83286b1cce702) (ScriptedImporter) -> (artifact id: '9167757e30054658288095b5219bdc42') in 0.0263826 seconds
Number of updated asset objects reloaded before import = 0Number of asset objects unloaded after import = 7

========================================================================
Received Import Request.
  Time since last request: 7.693428 seconds.
  path: Assets/Horror Pack/Models/SM_Bed_01.FBX
  artifactKey: Guid(efb3f1e9df15fc34d82fd632fb94d875) Importer(815301076,1909f56bfc062723c751e8b465ee728b)
Start importing Assets/Horror Pack/Models/SM_Bed_01.FBX using Guid(efb3f1e9df15fc34d82fd632fb94d875) Importer(815301076,1909f56bfc062723c751e8b465ee728b) (PreviewImporter) -> (artifact id: '672e2f832184c881433bd7d165e7e7c5') in 0.1248458 seconds
Number of updated asset objects reloaded before import = 0Number of asset objects unloaded after import = 15

========================================================================
Received Import Request.
  Time since last request: 0.000039 seconds.
  path: Assets/Horror Pack/Models/SM_Module_DoorRoom_02.obj
  artifactKey: Guid(2e7ceb9bdea64d749a31eaaf90027994) Importer(815301076,1909f56bfc062723c751e8b465ee728b)
Start importing Assets/Horror Pack/Models/SM_Module_DoorRoom_02.obj using Guid(2e7ceb9bdea64d749a31eaaf90027994) Importer(815301076,1909f56bfc062723c751e8b465ee728b) (PreviewImporter) -> (artifact id: '85c798ab8a2ab8a405e5b8dfac4c98e2') in 0.1490573 seconds
Number of updated asset objects reloaded before import = 0Number of asset objects unloaded after import = 44

========================================================================
Received Import Request.
  Time since last request: 0.000053 seconds.
  path: Assets/Horror Pack/Models/SM_Door_01.obj
  artifactKey: Guid(8c088c51437f8e84c8ccf368945d30c0) Importer(815301076,1909f56bfc062723c751e8b465ee728b)
Start importing Assets/Horror Pack/Models/SM_Door_01.obj using Guid(8c088c51437f8e84c8ccf368945d30c0) Importer(815301076,1909f56bfc062723c751e8b465ee728b) (PreviewImporter) -> (artifact id: 'afc4922661549cde7da39c59d33234ae') in 0.0688658 seconds
Number of updated asset objects reloaded before import = 0Number of asset objects unloaded after import = 19

========================================================================
Received Import Request.
  Time since last request: 0.000027 seconds.
  path: Assets/Horror Pack/Models/SM_Wall_02.obj
  artifactKey: Guid(2e7a8487ab4626741848c28337daebd1) Importer(815301076,1909f56bfc062723c751e8b465ee728b)
Start importing Assets/Horror Pack/Models/SM_Wall_02.obj using Guid(2e7a8487ab4626741848c28337daebd1) Importer(815301076,1909f56bfc062723c751e8b465ee728b) (PreviewImporter) -> (artifact id: '62c4c9e47a42e63500992c54e95a58ec') in 0.0533867 seconds
Number of updated asset objects reloaded before import = 0Number of asset objects unloaded after import = 14

========================================================================
Received Import Request.
  Time since last request: 1.111106 seconds.
  path: Assets/Horror Pack/Models/Materials
  artifactKey: Guid(0ae0ec82d0397174183a4c45753b8873) Importer(815301076,1909f56bfc062723c751e8b465ee728b)
Start importing Assets/Horror Pack/Models/Materials using Guid(0ae0ec82d0397174183a4c45753b8873) Importer(815301076,1909f56bfc062723c751e8b465ee728b) (PreviewImporter) -> (artifact id: '8bcec3b9974fd131dd94cb828f0e2d4e') in 0.0009106 seconds
Number of updated asset objects reloaded before import = 0Number of asset objects unloaded after import = 0

========================================================================
Received Import Request.
  Time since last request: 0.000371 seconds.
  path: Assets/Horror Pack/Models/Materials/M_BedBedding.mat
  artifactKey: Guid(96ad2410114456e40aa2cc44f2fe16c9) Importer(815301076,1909f56bfc062723c751e8b465ee728b)
Start importing Assets/Horror Pack/Models/Materials/M_BedBedding.mat using Guid(96ad2410114456e40aa2cc44f2fe16c9) Importer(815301076,1909f56bfc062723c751e8b465ee728b) (PreviewImporter) -> (artifact id: '7ea39d3687f8d250f903d8a170615713') in 0.1267348 seconds
Number of updated asset objects reloaded before import = 0Number of asset objects unloaded after import = 5

========================================================================
Received Import Request.
  Time since last request: 0.000037 seconds.
  path: Assets/Horror Pack/Models/Materials/Mat_Door_01_G.mat
  artifactKey: Guid(52c326e58d79dae4b84c4fe3a0970284) Importer(815301076,1909f56bfc062723c751e8b465ee728b)
Start importing Assets/Horror Pack/Models/Materials/Mat_Door_01_G.mat using Guid(52c326e58d79dae4b84c4fe3a0970284) Importer(815301076,1909f56bfc062723c751e8b465ee728b) (PreviewImporter) -> (artifact id: '9592f228301ae32f93b230fc0a2d2213') in 0.0276472 seconds
Number of updated asset objects reloaded before import = 0Number of asset objects unloaded after import = 3

========================================================================
Received Import Request.
  Time since last request: 0.000061 seconds.
  path: Assets/Horror Pack/Models/Materials/Mat_Door_01.mat
  artifactKey: Guid(a79fd100eebc3e946a5d6df1a792fe30) Importer(815301076,1909f56bfc062723c751e8b465ee728b)
Start importing Assets/Horror Pack/Models/Materials/Mat_Door_01.mat using Guid(a79fd100eebc3e946a5d6df1a792fe30) Importer(815301076,1909f56bfc062723c751e8b465ee728b) (PreviewImporter) -> (artifact id: '96fd2fb4f23b983396fccaad088fa2a6') in 0.0383967 seconds
Number of updated asset objects reloaded before import = 0Number of asset objects unloaded after import = 4

========================================================================
Received Import Request.
  Time since last request: 0.000029 seconds.
  path: Assets/Horror Pack/Models/Materials/Mat_Tile01.mat
  artifactKey: Guid(c062415a802b2f846916a90dadc80f5a) Importer(815301076,1909f56bfc062723c751e8b465ee728b)
Start importing Assets/Horror Pack/Models/Materials/Mat_Tile01.mat using Guid(c062415a802b2f846916a90dadc80f5a) Importer(815301076,1909f56bfc062723c751e8b465ee728b) (PreviewImporter) -> (artifact id: 'eca0dadfb587fecef469235cd0fcc8e5') in 0.0376399 seconds
Number of updated asset objects reloaded before import = 0Number of asset objects unloaded after import = 4

========================================================================
Received Import Request.
  Time since last request: 0.000051 seconds.
  path: Assets/Horror Pack/Models/Materials/Mat_Med_box_01.mat
  artifactKey: Guid(5185afe064a3d8541a43d014b7ed46ba) Importer(815301076,1909f56bfc062723c751e8b465ee728b)
Start importing Assets/Horror Pack/Models/Materials/Mat_Med_box_01.mat using Guid(5185afe064a3d8541a43d014b7ed46ba) Importer(815301076,1909f56bfc062723c751e8b465ee728b) (PreviewImporter) -> (artifact id: '775c6cbb580a4900ea61cc8016e7fa3d') in 0.0378267 seconds
Number of updated asset objects reloaded before import = 0Number of asset objects unloaded after import = 4

========================================================================
Received Prepare
Begin MonoManager ReloadAssembly
- Loaded All Assemblies, in  1.143 seconds
Refreshing native plugins compatible for Editor in 3.20 ms, found 4 plugins.
Native extension for iOS target not found
Native extension for Android target not found
Native extension for WindowsStandalone target not found
Native extension for WebGL target not found
[Package Manager] Failed to launch server process. Reason: Unity was launched with the -noUpm command-line argument
[Package Manager] Unable to send message (not connected to server process).
[Package Manager] Cannot connect to Unity Package Manager local server
Mono: successfully reloaded assembly
- Finished resetting the current domain, in  0.975 seconds
Domain Reload Profiling: 2106ms
	BeginReloadAssembly (338ms)
		ExecutionOrderSort (0ms)
		DisableScriptedObjects (28ms)
		BackupInstance (0ms)
		ReleaseScriptingObjects (0ms)
		CreateAndSetChildDomain (91ms)
	RebuildCommonClasses (46ms)
	RebuildNativeTypeToScriptingClass (20ms)
	initialDomainReloadingComplete (46ms)
	LoadAllAssembliesAndSetupDomain (682ms)
		LoadAssemblies (578ms)
		RebuildTransferFunctionScriptingTraits (0ms)
		AnalyzeDomain (249ms)
			TypeCache.Refresh (10ms)
				TypeCache.ScanAssembly (0ms)
			BuildScriptInfoCaches (221ms)
			ResolveRequiredComponents (12ms)
	FinalizeReload (975ms)
		ReleaseScriptCaches (0ms)
		RebuildScriptCaches (0ms)
		SetupLoadedEditorAssemblies (762ms)
			LogAssemblyErrors (0ms)
			InitializePlatformSupportModulesInManaged (17ms)
			SetLoadedEditorAssemblies (4ms)
			BeforeProcessingInitializeOnLoad (219ms)
			ProcessInitializeOnLoadAttributes (446ms)
			ProcessInitializeOnLoadMethodAttributes (62ms)
			AfterProcessingInitializeOnLoad (14ms)
			EditorAssembliesLoaded (0ms)
		ExecutionOrderSort2 (0ms)
		AwakeInstancesAfterBackupRestoration (31ms)
Refreshing native plugins compatible for Editor in 4.62 ms, found 4 plugins.
Preloading 0 native plugins for Editor in 0.00 ms.
Unloading 13 Unused Serialized files (Serialized files now loaded: 0)
Unloading 6570 unused Assets / (4.7 MB). Loaded Objects now: 7360.
Memory consumption went from 158.9 MB to 154.2 MB.
Total: 12.489800 ms (FindLiveObjects: 1.328700 ms CreateObjectMapping: 0.593900 ms MarkObjects: 6.532700 ms  DeleteObjects: 4.032400 ms)

Prepare: number of updated asset objects reloaded= 0
========================================================================
Received Prepare
Begin MonoManager ReloadAssembly
[Licensing::Client] Successfully resolved entitlement details
- Loaded All Assemblies, in  0.999 seconds
Refreshing native plugins compatible for Editor in 3.46 ms, found 4 plugins.
Native extension for iOS target not found
Native extension for Android target not found
Native extension for WindowsStandalone target not found
Native extension for WebGL target not found
[Package Manager] Failed to launch server process. Reason: Unity was launched with the -noUpm command-line argument
[Package Manager] Unable to send message (not connected to server process).
[Package Manager] Cannot connect to Unity Package Manager local server
Mono: successfully reloaded assembly
- Finished resetting the current domain, in  0.917 seconds
Domain Reload Profiling: 1911ms
	BeginReloadAssembly (272ms)
		ExecutionOrderSort (0ms)
		DisableScriptedObjects (6ms)
		BackupInstance (0ms)
		ReleaseScriptingObjects (0ms)
		CreateAndSetChildDomain (60ms)
	RebuildCommonClasses (43ms)
	RebuildNativeTypeToScriptingClass (15ms)
	initialDomainReloadingComplete (44ms)
	LoadAllAssembliesAndSetupDomain (619ms)
		LoadAssemblies (538ms)
		RebuildTransferFunctionScriptingTraits (0ms)
		AnalyzeDomain (216ms)
			TypeCache.Refresh (8ms)
				TypeCache.ScanAssembly (0ms)
			BuildScriptInfoCaches (191ms)
			ResolveRequiredComponents (10ms)
	FinalizeReload (918ms)
		ReleaseScriptCaches (0ms)
		RebuildScriptCaches (0ms)
		SetupLoadedEditorAssemblies (719ms)
			LogAssemblyErrors (0ms)
			InitializePlatformSupportModulesInManaged (17ms)
			SetLoadedEditorAssemblies (4ms)
			BeforeProcessingInitializeOnLoad (175ms)
			ProcessInitializeOnLoadAttributes (436ms)
			ProcessInitializeOnLoadMethodAttributes (70ms)
			AfterProcessingInitializeOnLoad (17ms)
			EditorAssembliesLoaded (0ms)
		ExecutionOrderSort2 (0ms)
		AwakeInstancesAfterBackupRestoration (36ms)
Refreshing native plugins compatible for Editor in 3.67 ms, found 4 plugins.
Preloading 0 native plugins for Editor in 0.00 ms.
Unloading 13 Unused Serialized files (Serialized files now loaded: 0)
Unloading 6569 unused Assets / (4.7 MB). Loaded Objects now: 7363.
Memory consumption went from 161.2 MB to 156.5 MB.
Total: 11.468500 ms (FindLiveObjects: 1.257600 ms CreateObjectMapping: 0.922500 ms MarkObjects: 5.395200 ms  DeleteObjects: 3.891700 ms)

Prepare: number of updated asset objects reloaded= 0
========================================================================
Received Prepare
Refreshing native plugins compatible for Editor in 12.76 ms, found 4 plugins.
Preloading 0 native plugins for Editor in 0.00 ms.
Unloading 13 Unused Serialized files (Serialized files now loaded: 0)
Unloading 6557 unused Assets / (4.6 MB). Loaded Objects now: 7363.
Memory consumption went from 163.9 MB to 159.3 MB.
Total: 13.219000 ms (FindLiveObjects: 1.264900 ms CreateObjectMapping: 1.172800 ms MarkObjects: 6.528000 ms  DeleteObjects: 4.252100 ms)

Prepare: number of updated asset objects reloaded= 0
========================================================================
Received Prepare
Begin MonoManager ReloadAssembly
[Licensing::Client] Successfully resolved entitlement details
- Loaded All Assemblies, in  1.210 seconds
Refreshing native plugins compatible for Editor in 3.54 ms, found 4 plugins.
Native extension for iOS target not found
Native extension for Android target not found
Native extension for WindowsStandalone target not found
Native extension for WebGL target not found
[Package Manager] Failed to launch server process. Reason: Unity was launched with the -noUpm command-line argument
[Package Manager] Unable to send message (not connected to server process).
[Package Manager] Cannot connect to Unity Package Manager local server
Mono: successfully reloaded assembly
- Finished resetting the current domain, in  0.982 seconds
Domain Reload Profiling: 2184ms
	BeginReloadAssembly (327ms)
		ExecutionOrderSort (0ms)
		DisableScriptedObjects (9ms)
		BackupInstance (0ms)
		ReleaseScriptingObjects (0ms)
		CreateAndSetChildDomain (66ms)
	RebuildCommonClasses (53ms)
	RebuildNativeTypeToScriptingClass (21ms)
	initialDomainReloadingComplete (53ms)
	LoadAllAssembliesAndSetupDomain (746ms)
		LoadAssemblies (624ms)
		RebuildTransferFunctionScriptingTraits (0ms)
		AnalyzeDomain (279ms)
			TypeCache.Refresh (14ms)
				TypeCache.ScanAssembly (0ms)
			BuildScriptInfoCaches (246ms)
			ResolveRequiredComponents (13ms)
	FinalizeReload (983ms)
		ReleaseScriptCaches (0ms)
		RebuildScriptCaches (0ms)
		SetupLoadedEditorAssemblies (763ms)
			LogAssemblyErrors (0ms)
			InitializePlatformSupportModulesInManaged (20ms)
			SetLoadedEditorAssemblies (5ms)
			BeforeProcessingInitializeOnLoad (200ms)
			ProcessInitializeOnLoadAttributes (454ms)
			ProcessInitializeOnLoadMethodAttributes (66ms)
			AfterProcessingInitializeOnLoad (17ms)
			EditorAssembliesLoaded (0ms)
		ExecutionOrderSort2 (0ms)
		AwakeInstancesAfterBackupRestoration (30ms)
Refreshing native plugins compatible for Editor in 3.81 ms, found 4 plugins.
Preloading 0 native plugins for Editor in 0.00 ms.
Unloading 13 Unused Serialized files (Serialized files now loaded: 0)
Unloading 6569 unused Assets / (4.6 MB). Loaded Objects now: 7366.
Memory consumption went from 166.3 MB to 161.7 MB.
Total: 10.160100 ms (FindLiveObjects: 1.146400 ms CreateObjectMapping: 0.467600 ms MarkObjects: 5.499700 ms  DeleteObjects: 3.044700 ms)

Prepare: number of updated asset objects reloaded= 0
========================================================================
Received Prepare
Begin MonoManager ReloadAssembly
[Licensing::Client] Successfully resolved entitlement details
- Loaded All Assemblies, in  0.980 seconds
Refreshing native plugins compatible for Editor in 3.62 ms, found 4 plugins.
Native extension for iOS target not found
Native extension for Android target not found
Native extension for WindowsStandalone target not found
Native extension for WebGL target not found
[Package Manager] Failed to launch server process. Reason: Unity was launched with the -noUpm command-line argument
[Package Manager] Unable to send message (not connected to server process).
[Package Manager] Cannot connect to Unity Package Manager local server
Mono: successfully reloaded assembly
- Finished resetting the current domain, in  0.872 seconds
Domain Reload Profiling: 1845ms
	BeginReloadAssembly (263ms)
		ExecutionOrderSort (0ms)
		DisableScriptedObjects (8ms)
		BackupInstance (0ms)
		ReleaseScriptingObjects (0ms)
		CreateAndSetChildDomain (55ms)
	RebuildCommonClasses (43ms)
	RebuildNativeTypeToScriptingClass (15ms)
	initialDomainReloadingComplete (42ms)
	LoadAllAssembliesAndSetupDomain (610ms)
		LoadAssemblies (523ms)
		RebuildTransferFunctionScriptingTraits (0ms)
		AnalyzeDomain (217ms)
			TypeCache.Refresh (9ms)
				TypeCache.ScanAssembly (0ms)
			BuildScriptInfoCaches (192ms)
			ResolveRequiredComponents (10ms)
	FinalizeReload (872ms)
		ReleaseScriptCaches (0ms)
		RebuildScriptCaches (0ms)
		SetupLoadedEditorAssemblies (674ms)
			LogAssemblyErrors (0ms)
			InitializePlatformSupportModulesInManaged (20ms)
			SetLoadedEditorAssemblies (3ms)
			BeforeProcessingInitializeOnLoad (173ms)
			ProcessInitializeOnLoadAttributes (408ms)
			ProcessInitializeOnLoadMethodAttributes (56ms)
			AfterProcessingInitializeOnLoad (13ms)
			EditorAssembliesLoaded (0ms)
		ExecutionOrderSort2 (0ms)
		AwakeInstancesAfterBackupRestoration (28ms)
Refreshing native plugins compatible for Editor in 4.43 ms, found 4 plugins.
Preloading 0 native plugins for Editor in 0.00 ms.
Unloading 13 Unused Serialized files (Serialized files now loaded: 0)
Unloading 6569 unused Assets / (4.4 MB). Loaded Objects now: 7369.
Memory consumption went from 168.9 MB to 164.5 MB.
Total: 12.702900 ms (FindLiveObjects: 1.060600 ms CreateObjectMapping: 0.627200 ms MarkObjects: 7.511500 ms  DeleteObjects: 3.501700 ms)

Prepare: number of updated asset objects reloaded= 0
========================================================================
Received Import Request.
  Time since last request: 464.488462 seconds.
  path: Assets/Horror Pack/Map_Hosp1/LightingData.asset
  artifactKey: Guid(d2113f1c55e9a5747883139522a6c5dc) Importer(815301076,1909f56bfc062723c751e8b465ee728b)
Start importing Assets/Horror Pack/Map_Hosp1/LightingData.asset using Guid(d2113f1c55e9a5747883139522a6c5dc) Importer(815301076,1909f56bfc062723c751e8b465ee728b) (PreviewImporter) -> (artifact id: '8ed8d22a6143d55425ac0d07d2dde9e9') in 0.0402796 seconds
Number of updated asset objects reloaded before import = 0Number of asset objects unloaded after import = 2

========================================================================
Received Import Request.
  Time since last request: 4.849040 seconds.
  path: Assets/Horror Pack/Map_Hosp1.unity
  artifactKey: Guid(b6ca1756db6b14945b4116ce8880ae82) Importer(815301076,1909f56bfc062723c751e8b465ee728b)
Start importing Assets/Horror Pack/Map_Hosp1.unity using Guid(b6ca1756db6b14945b4116ce8880ae82) Importer(815301076,1909f56bfc062723c751e8b465ee728b) (PreviewImporter) -> (artifact id: '7d12e3d4b44fd93ec144db7990c909cc') in 0.0008524 seconds
Number of updated asset objects reloaded before import = 0Number of asset objects unloaded after import = 0

========================================================================
Received Import Request.
  Time since last request: 0.570827 seconds.
  path: Assets/Horror Pack/Map_Hosp1Settings.lighting
  artifactKey: Guid(a11ce9533a58ee04c8ab50deabd223cd) Importer(815301076,1909f56bfc062723c751e8b465ee728b)
Start importing Assets/Horror Pack/Map_Hosp1Settings.lighting using Guid(a11ce9533a58ee04c8ab50deabd223cd) Importer(815301076,1909f56bfc062723c751e8b465ee728b) (PreviewImporter) -> (artifact id: '312b23d159b1ca73b9d58807ffb1a69a') in 0.0031567 seconds
Number of updated asset objects reloaded before import = 0Number of asset objects unloaded after import = 1

========================================================================
Received Import Request.
  Time since last request: 6.732377 seconds.
  path: Assets/Scripts/Character/Character.cs
  artifactKey: Guid(11aa9ff617898a7489bc963d01539dcf) Importer(2089858483,192608db42251d675da83286b1cce702)
Start importing Assets/Scripts/Character/Character.cs using Guid(11aa9ff617898a7489bc963d01539dcf) Importer(2089858483,192608db42251d675da83286b1cce702) (ScriptedImporter) -> (artifact id: 'db52b6ba9ef9c4065192d54ec7dbf1d3') in 0.194801 seconds
Number of updated asset objects reloaded before import = 0Number of asset objects unloaded after import = 0

========================================================================
Received Import Request.
  Time since last request: 2.525552 seconds.
  path: Assets/Scenes/Game.unity
  artifactKey: Guid(99c9720ab356a0642a771bea13969a05) Importer(2089858483,192608db42251d675da83286b1cce702)
Start importing Assets/Scenes/Game.unity using Guid(99c9720ab356a0642a771bea13969a05) Importer(2089858483,192608db42251d675da83286b1cce702) (ScriptedImporter) -> (artifact id: 'ebc4b07e4d18fa38da61a40c3a970241') in 0.0185095 seconds
Number of updated asset objects reloaded before import = 0Number of asset objects unloaded after import = 1

========================================================================
Received Import Request.
  Time since last request: 16.471659 seconds.
  path: Assets/Scenes/Game.unity
  artifactKey: Guid(99c9720ab356a0642a771bea13969a05) Importer(815301076,1909f56bfc062723c751e8b465ee728b)
Start importing Assets/Scenes/Game.unity using Guid(99c9720ab356a0642a771bea13969a05) Importer(815301076,1909f56bfc062723c751e8b465ee728b) (PreviewImporter) -> (artifact id: '6903dbfdffb4a423e45f007c80594f79') in 0.0007773 seconds
Number of updated asset objects reloaded before import = 0Number of asset objects unloaded after import = 0

========================================================================
Received Import Request.
  Time since last request: 155.479859 seconds.
  path: Assets/Scenes/Game.unity
  artifactKey: Guid(99c9720ab356a0642a771bea13969a05) Importer(815301076,1909f56bfc062723c751e8b465ee728b)
Start importing Assets/Scenes/Game.unity using Guid(99c9720ab356a0642a771bea13969a05) Importer(815301076,1909f56bfc062723c751e8b465ee728b) (PreviewImporter) -> (artifact id: '711ab35ed55aad03a5579ac8757acb0d') in 0.0008409 seconds
Number of updated asset objects reloaded before import = 0Number of asset objects unloaded after import = 0

========================================================================
Received Import Request.
  Time since last request: 0.531454 seconds.
  path: Assets/Scenes/Game.unity
  artifactKey: Guid(99c9720ab356a0642a771bea13969a05) Importer(2089858483,192608db42251d675da83286b1cce702)
Start importing Assets/Scenes/Game.unity using Guid(99c9720ab356a0642a771bea13969a05) Importer(2089858483,192608db42251d675da83286b1cce702) (ScriptedImporter) -> (artifact id: '83328fff195b9dadb2c7be00a825d967') in 0.0157873 seconds
Number of updated asset objects reloaded before import = 0Number of asset objects unloaded after import = 1

========================================================================
Received Import Request.
  Time since last request: 15.643688 seconds.
  path: Assets/Horror Pack/Map_Hosp1
  artifactKey: Guid(5d4737e6cac483f4bb71aab55612b97e) Importer(815301076,1909f56bfc062723c751e8b465ee728b)
Start importing Assets/Horror Pack/Map_Hosp1 using Guid(5d4737e6cac483f4bb71aab55612b97e) Importer(815301076,1909f56bfc062723c751e8b465ee728b) (PreviewImporter) -> (artifact id: 'f92a79778afd043b0c3198e595cd32db') in 0.0006496 seconds
Number of updated asset objects reloaded before import = 0Number of asset objects unloaded after import = 0

========================================================================
Received Import Request.
  Time since last request: 371.463669 seconds.
  path: Assets/Horror Pack/Map_Hosp1/LightingData.asset
  artifactKey: Guid(d2113f1c55e9a5747883139522a6c5dc) Importer(2089858483,192608db42251d675da83286b1cce702)
Start importing Assets/Horror Pack/Map_Hosp1/LightingData.asset using Guid(d2113f1c55e9a5747883139522a6c5dc) Importer(2089858483,192608db42251d675da83286b1cce702) (ScriptedImporter) -> (artifact id: '49074d003a33d843a047586f3a67634d') in 0.0258559 seconds
Number of updated asset objects reloaded before import = 0Number of asset objects unloaded after import = 2

